// log加锁和不加锁的测试：
2022-04-15 12:28:49	INFO	count: 500000 time: 62671064ns      // 5线程，100000计数，加互斥锁
2022-04-15 12:37:58	INFO	count: 500000 time: 75361465ns      // 5线程，100000计数，加互斥锁
2022-04-15 14:03:48	INFO	count: 0 time: 903564655ns          // 5线程，10000循环输出log，加互斥锁，输出行数正确
2022-04-15 14:05:17	INFO	count: 0 time: 969852766ns          // 5线程，10000循环输出log，加互斥锁，输出行数正确
2022-04-15 14:08:15	INFO	count: 0 time: 1036368415ns         // 5线程，10000循环输出log，加互斥锁，输出行数正确
2022-04-15 14:11:35	INFO	count: 0 time: 105020012ns          // 5线程，10000循环输出log，不加锁，输出行数错误
2022-04-15 14:17:07	INFO	count: 0 time: 109708684ns          // 5线程，10000循环输出log，不加锁，输出行数错误
2022-04-15 14:21:39	INFO	count: 0 time: 106493602ns          // 5线程，10000循环输出log，不加锁，输出行数错误
2022-04-15 14:27:58	INFO	count: 0 time: 565179922ns          // 5线程，10000循环输出log，主程序加写锁，输出行数正确
2022-04-15 14:30:19	INFO	count: 0 time: 595370031ns          // 5线程，10000循环输出log，主程序加写锁，输出行数正确
2022-04-15 14:30:27	INFO	count: 0 time: 441412290ns          // 5线程，10000循环输出log，主程序加写锁，输出行数正确
2022-04-15 14:37:55	INFO	count: 0 time: 823266259ns          // 5线程，10000循环输出log，加互斥锁，输出行数正确
2022-04-15 14:38:20	INFO	count: 0 time: 697559794ns          // 5线程，10000循环输出log，加互斥锁，输出行数正确
2022-04-15 14:40:52	INFO	count: 0 time: 413319497ns          // 5线程，10000循环输出log，加互斥锁，主程序加写锁，输出行数正确
2022-04-15 14:41:28	INFO	count: 0 time: 515725218ns          // 5线程，10000循环输出log，加互斥锁，主程序加写锁，输出行数正确

总结：
    1. log加互斥锁后，性能降低近10倍（上下文切换成本过大）。应优化锁。
    2. 主程序的位置加写锁要比log加互斥锁性能提高50%（13-14对比15-16）

// log换成自旋锁
2022-04-15 15:01:23	INFO	count: 0 time: 459090629ns          // 5线程，10000循环输出log，加自旋锁，主程序加写锁，输出行数正确
2022-04-15 15:03:09	INFO	count: 0 time: 738632054ns          // 5线程，10000循环输出log，加自旋锁，主程序加写锁，输出行数正确
2022-04-15 15:04:28	INFO	count: 0 time: 408633887ns          // 5线程，10000循环输出log，加自旋锁，主程序加写锁，输出行数正确
2022-04-15 15:06:10	INFO	count: 0 time: 188907476ns          // 5线程，10000循环输出log，加自旋锁，输出行数正确
2022-04-15 15:06:35	INFO	count: 0 time: 200129956ns          // 5线程，10000循环输出log，加自旋锁，输出行数正确

总结：
    1. log加自旋锁后性能最优，比加互斥锁性能提高十倍。

// log换成原子锁
2022-04-15 15:51:27	INFO	count: 0 time: 330021222ns          // 5线程，10000循环输出log，加原子锁，输出行数正确
2022-04-15 15:53:21	INFO	count: 0 time: 325767372ns          // 5线程，10000循环输出log，加原子锁，输出行数正确
2022-04-21 09:52:38	INFO	count: 0 time: 969120ns
